Archive member included because of file (symbol)

c:/winavr-20100110/bin/../lib/gcc/avr/4.3.3/avr5\libgcc.a(_udivmodsi4.o)
                              ./MCAL/UART_Driver/UART_Prog.o (__udivmodsi4)
c:/winavr-20100110/bin/../lib/gcc/avr/4.3.3/avr5\libgcc.a(_divmodsi4.o)
                              ./MCAL/UART_Driver/UART_Prog.o (__divmodsi4)
c:/winavr-20100110/bin/../lib/gcc/avr/4.3.3/avr5\libgcc.a(_exit.o)
                              c:/winavr-20100110/bin/../lib/gcc/avr/4.3.3/../../../../avr/lib/avr5/crtm32.o (exit)
c:/winavr-20100110/bin/../lib/gcc/avr/4.3.3/avr5\libgcc.a(_copy_data.o)
                              ./HAL/IR_SENSOR_Driver/IR_Prog.o (__do_copy_data)
c:/winavr-20100110/bin/../lib/gcc/avr/4.3.3/avr5\libgcc.a(_clear_bss.o)
                              ./MCAL/UART_Driver/UART_Prog.o (__do_clear_bss)
c:/winavr-20100110/bin/../lib/gcc/avr/4.3.3/avr5\libgcc.a(_fixunssfsi.o)
                              ./HAL/ULTRASONIC_Driver/ULTRASONIC_Prog.o (__fixunssfsi)
c:/winavr-20100110/bin/../lib/gcc/avr/4.3.3/avr5\libgcc.a(_addsub_sf.o)
                              ./HAL/SERVMOT_Driver/SERVMOT_Prog.o (__subsf3)
c:/winavr-20100110/bin/../lib/gcc/avr/4.3.3/avr5\libgcc.a(_mul_sf.o)
                              ./HAL/ULTRASONIC_Driver/ULTRASONIC_Prog.o (__mulsf3)
c:/winavr-20100110/bin/../lib/gcc/avr/4.3.3/avr5\libgcc.a(_div_sf.o)
                              ./HAL/ULTRASONIC_Driver/ULTRASONIC_Prog.o (__divsf3)
c:/winavr-20100110/bin/../lib/gcc/avr/4.3.3/avr5\libgcc.a(_gt_sf.o)
                              ./HAL/ULTRASONIC_Driver/ULTRASONIC_Prog.o (__gtsf2)
c:/winavr-20100110/bin/../lib/gcc/avr/4.3.3/avr5\libgcc.a(_ge_sf.o)
                              ./HAL/SERVMOT_Driver/SERVMOT_Prog.o (__gesf2)
c:/winavr-20100110/bin/../lib/gcc/avr/4.3.3/avr5\libgcc.a(_lt_sf.o)
                              ./HAL/ULTRASONIC_Driver/ULTRASONIC_Prog.o (__ltsf2)
c:/winavr-20100110/bin/../lib/gcc/avr/4.3.3/avr5\libgcc.a(_le_sf.o)
                              ./HAL/SERVMOT_Driver/SERVMOT_Prog.o (__lesf2)
c:/winavr-20100110/bin/../lib/gcc/avr/4.3.3/avr5\libgcc.a(_sf_to_si.o)
                              c:/winavr-20100110/bin/../lib/gcc/avr/4.3.3/avr5\libgcc.a(_fixunssfsi.o) (__fixsfsi)
c:/winavr-20100110/bin/../lib/gcc/avr/4.3.3/avr5\libgcc.a(_thenan_sf.o)
                              c:/winavr-20100110/bin/../lib/gcc/avr/4.3.3/avr5\libgcc.a(_addsub_sf.o) (__thenan_sf)
c:/winavr-20100110/bin/../lib/gcc/avr/4.3.3/avr5\libgcc.a(_prologue.o)
                              c:/winavr-20100110/bin/../lib/gcc/avr/4.3.3/avr5\libgcc.a(_addsub_sf.o) (__prologue_saves__)
c:/winavr-20100110/bin/../lib/gcc/avr/4.3.3/avr5\libgcc.a(_epilogue.o)
                              c:/winavr-20100110/bin/../lib/gcc/avr/4.3.3/avr5\libgcc.a(_addsub_sf.o) (__epilogue_restores__)
c:/winavr-20100110/bin/../lib/gcc/avr/4.3.3/avr5\libgcc.a(_pack_sf.o)
                              c:/winavr-20100110/bin/../lib/gcc/avr/4.3.3/avr5\libgcc.a(_addsub_sf.o) (__pack_f)
c:/winavr-20100110/bin/../lib/gcc/avr/4.3.3/avr5\libgcc.a(_unpack_sf.o)
                              c:/winavr-20100110/bin/../lib/gcc/avr/4.3.3/avr5\libgcc.a(_addsub_sf.o) (__unpack_f)
c:/winavr-20100110/bin/../lib/gcc/avr/4.3.3/avr5\libgcc.a(_fpcmp_parts_sf.o)
                              c:/winavr-20100110/bin/../lib/gcc/avr/4.3.3/avr5\libgcc.a(_gt_sf.o) (__fpcmp_parts_f)

Allocating common symbols
Common symbol       size              file

Timer0_CTC_Call_Back
                    0x2               ./MCAL/TIMER0_Driver/TIMER0_Prog.o
Timer1_CTC_A_Call_Back
                    0x2               ./MCAL/TIMER1_Driver/TIMER1_Prog.o
Timer1_CTC_B_Call_Back
                    0x2               ./MCAL/TIMER1_Driver/TIMER1_Prog.o
EXT_INT2_Call_Back  0x2               ./MCAL/ICU_Driver/ICU_Prog.o
Timer0_OF_Call_Back
                    0x2               ./MCAL/TIMER0_Driver/TIMER0_Prog.o
Timer1_IC_Call_Back
                    0x2               ./MCAL/TIMER1_Driver/TIMER1_Prog.o
EXT_INT0_Call_Back  0x2               ./MCAL/ICU_Driver/ICU_Prog.o
Timer1_OF_Call_Back
                    0x2               ./MCAL/TIMER1_Driver/TIMER1_Prog.o
EXT_INT1_Call_Back  0x2               ./MCAL/ICU_Driver/ICU_Prog.o

Memory Configuration

Name             Origin             Length             Attributes
text             0x00000000         0x00020000         xr
data             0x00800060         0x0000ffa0         rw !x
eeprom           0x00810000         0x00010000         rw !x
fuse             0x00820000         0x00000400         rw !x
lock             0x00830000         0x00000400         rw !x
signature        0x00840000         0x00000400         rw !x
*default*        0x00000000         0xffffffff

Linker script and memory map

LOAD c:/winavr-20100110/bin/../lib/gcc/avr/4.3.3/../../../../avr/lib/avr5/crtm32.o
LOAD ./MCAL/UART_Driver/UART_Prog.o
LOAD ./MCAL/TIMER1_Driver/TIMER1_Prog.o
LOAD ./MCAL/TIMER0_Driver/TIMER0_Prog.o
LOAD ./MCAL/ICU_Driver/ICU_Prog.o
LOAD ./MCAL/DIO_Driver/DIO_Prog.o
LOAD ./HAL/ULTRASONIC_Driver/ULTRASONIC_Prog.o
LOAD ./HAL/SERVMOT_Driver/SERVMOT_Prog.o
LOAD ./HAL/IR_SENSOR_Driver/IR_Prog.o
LOAD ./HAL/DCMOT_Driver/DCMOT_Prog.o
LOAD ./APP/CarMove.o
LOAD ./APP/Eyes.o
LOAD ./APP/LineFollower.o
LOAD ./APP/ModesHandler.o
LOAD ./.metadata/.plugins/org.eclipse.cdt.make.core/specs.o
LOAD ./main.o
LOAD c:/winavr-20100110/bin/../lib/gcc/avr/4.3.3/avr5\libgcc.a
LOAD c:/winavr-20100110/bin/../lib/gcc/avr/4.3.3/../../../../avr/lib/avr5\libc.a
LOAD c:/winavr-20100110/bin/../lib/gcc/avr/4.3.3/avr5\libgcc.a

.hash
 *(.hash)

.dynsym
 *(.dynsym)

.dynstr
 *(.dynstr)

.gnu.version
 *(.gnu.version)

.gnu.version_d
 *(.gnu.version_d)

.gnu.version_r
 *(.gnu.version_r)

.rel.init
 *(.rel.init)

.rela.init
 *(.rela.init)

.rel.text
 *(.rel.text)
 *(.rel.text.*)
 *(.rel.gnu.linkonce.t*)

.rela.text
 *(.rela.text)
 *(.rela.text.*)
 *(.rela.gnu.linkonce.t*)

.rel.fini
 *(.rel.fini)

.rela.fini
 *(.rela.fini)

.rel.rodata
 *(.rel.rodata)
 *(.rel.rodata.*)
 *(.rel.gnu.linkonce.r*)

.rela.rodata
 *(.rela.rodata)
 *(.rela.rodata.*)
 *(.rela.gnu.linkonce.r*)

.rel.data
 *(.rel.data)
 *(.rel.data.*)
 *(.rel.gnu.linkonce.d*)

.rela.data
 *(.rela.data)
 *(.rela.data.*)
 *(.rela.gnu.linkonce.d*)

.rel.ctors
 *(.rel.ctors)

.rela.ctors
 *(.rela.ctors)

.rel.dtors
 *(.rel.dtors)

.rela.dtors
 *(.rela.dtors)

.rel.got
 *(.rel.got)

.rela.got
 *(.rela.got)

.rel.bss
 *(.rel.bss)

.rela.bss
 *(.rela.bss)

.rel.plt
 *(.rel.plt)

.rela.plt
 *(.rela.plt)

.text           0x00000000     0x5462
 *(.vectors)
 .vectors       0x00000000       0x54 c:/winavr-20100110/bin/../lib/gcc/avr/4.3.3/../../../../avr/lib/avr5/crtm32.o
                0x00000000                __vectors
                0x00000000                __vector_default
 *(.vectors)
 *(.progmem.gcc*)
 *(.progmem*)
                0x00000054                . = ALIGN (0x2)
                0x00000054                __trampolines_start = .
 *(.trampolines)
 .trampolines   0x00000054        0x0 linker stubs
 *(.trampolines*)
                0x00000054                __trampolines_end = .
 *(.jumptables)
 *(.jumptables*)
 *(.lowtext)
 *(.lowtext*)
                0x00000054                __ctors_start = .
 *(.ctors)
                0x00000054                __ctors_end = .
                0x00000054                __dtors_start = .
 *(.dtors)
                0x00000054                __dtors_end = .
 SORT(*)(.ctors)
 SORT(*)(.dtors)
 *(.init0)
 .init0         0x00000054        0x0 c:/winavr-20100110/bin/../lib/gcc/avr/4.3.3/../../../../avr/lib/avr5/crtm32.o
                0x00000054                __init
 *(.init0)
 *(.init1)
 *(.init1)
 *(.init2)
 .init2         0x00000054        0xc c:/winavr-20100110/bin/../lib/gcc/avr/4.3.3/../../../../avr/lib/avr5/crtm32.o
 *(.init2)
 *(.init3)
 *(.init3)
 *(.init4)
 .init4         0x00000060       0x16 c:/winavr-20100110/bin/../lib/gcc/avr/4.3.3/avr5\libgcc.a(_copy_data.o)
                0x00000060                __do_copy_data
 .init4         0x00000076       0x10 c:/winavr-20100110/bin/../lib/gcc/avr/4.3.3/avr5\libgcc.a(_clear_bss.o)
                0x00000076                __do_clear_bss
 *(.init4)
 *(.init5)
 *(.init5)
 *(.init6)
 *(.init6)
 *(.init7)
 *(.init7)
 *(.init8)
 *(.init8)
 *(.init9)
 .init9         0x00000086        0x8 c:/winavr-20100110/bin/../lib/gcc/avr/4.3.3/../../../../avr/lib/avr5/crtm32.o
 *(.init9)
 *(.text)
 .text          0x0000008e        0x4 c:/winavr-20100110/bin/../lib/gcc/avr/4.3.3/../../../../avr/lib/avr5/crtm32.o
                0x0000008e                __vector_12
                0x0000008e                __bad_interrupt
                0x0000008e                __vector_17
                0x0000008e                __vector_19
                0x0000008e                __vector_5
                0x0000008e                __vector_4
                0x0000008e                __vector_15
                0x0000008e                __vector_16
                0x0000008e                __vector_18
                0x0000008e                __vector_20
 .text          0x00000092        0x0 ./MCAL/UART_Driver/UART_Prog.o
 .text          0x00000092        0x0 ./MCAL/TIMER1_Driver/TIMER1_Prog.o
 .text          0x00000092        0x0 ./MCAL/TIMER0_Driver/TIMER0_Prog.o
 .text          0x00000092        0x0 ./MCAL/ICU_Driver/ICU_Prog.o
 .text          0x00000092        0x0 ./MCAL/DIO_Driver/DIO_Prog.o
 .text          0x00000092        0x0 ./HAL/ULTRASONIC_Driver/ULTRASONIC_Prog.o
 .text          0x00000092        0x0 ./HAL/SERVMOT_Driver/SERVMOT_Prog.o
 .text          0x00000092        0x0 ./HAL/IR_SENSOR_Driver/IR_Prog.o
 .text          0x00000092        0x0 ./HAL/DCMOT_Driver/DCMOT_Prog.o
 .text          0x00000092        0x0 ./APP/CarMove.o
 .text          0x00000092        0x0 ./APP/Eyes.o
 .text          0x00000092        0x0 ./APP/LineFollower.o
 .text          0x00000092        0x0 ./APP/ModesHandler.o
 .text          0x00000092        0x0 ./.metadata/.plugins/org.eclipse.cdt.make.core/specs.o
 .text          0x00000092        0x0 ./main.o
 .text          0x00000092        0x0 c:/winavr-20100110/bin/../lib/gcc/avr/4.3.3/avr5\libgcc.a(_udivmodsi4.o)
 .text          0x00000092        0x0 c:/winavr-20100110/bin/../lib/gcc/avr/4.3.3/avr5\libgcc.a(_divmodsi4.o)
 .text          0x00000092        0x0 c:/winavr-20100110/bin/../lib/gcc/avr/4.3.3/avr5\libgcc.a(_exit.o)
 .text          0x00000092        0x0 c:/winavr-20100110/bin/../lib/gcc/avr/4.3.3/avr5\libgcc.a(_copy_data.o)
 .text          0x00000092        0x0 c:/winavr-20100110/bin/../lib/gcc/avr/4.3.3/avr5\libgcc.a(_clear_bss.o)
 .text          0x00000092       0x58 c:/winavr-20100110/bin/../lib/gcc/avr/4.3.3/avr5\libgcc.a(_fixunssfsi.o)
                0x00000092                __fixunssfsi
 .text          0x000000ea      0x354 c:/winavr-20100110/bin/../lib/gcc/avr/4.3.3/avr5\libgcc.a(_addsub_sf.o)
                0x00000382                __subsf3
                0x000003e4                __addsf3
 .text          0x0000043e      0x1f4 c:/winavr-20100110/bin/../lib/gcc/avr/4.3.3/avr5\libgcc.a(_mul_sf.o)
                0x0000043e                __mulsf3
 .text          0x00000632      0x158 c:/winavr-20100110/bin/../lib/gcc/avr/4.3.3/avr5\libgcc.a(_div_sf.o)
                0x00000632                __divsf3
 .text          0x0000078a       0x60 c:/winavr-20100110/bin/../lib/gcc/avr/4.3.3/avr5\libgcc.a(_gt_sf.o)
                0x0000078a                __gtsf2
 .text          0x000007ea       0x60 c:/winavr-20100110/bin/../lib/gcc/avr/4.3.3/avr5\libgcc.a(_ge_sf.o)
                0x000007ea                __gesf2
 .text          0x0000084a       0x60 c:/winavr-20100110/bin/../lib/gcc/avr/4.3.3/avr5\libgcc.a(_lt_sf.o)
                0x0000084a                __ltsf2
 .text          0x000008aa       0x60 c:/winavr-20100110/bin/../lib/gcc/avr/4.3.3/avr5\libgcc.a(_le_sf.o)
                0x000008aa                __lesf2
 .text          0x0000090a       0xa8 c:/winavr-20100110/bin/../lib/gcc/avr/4.3.3/avr5\libgcc.a(_sf_to_si.o)
                0x0000090a                __fixsfsi
 .text          0x000009b2        0x0 c:/winavr-20100110/bin/../lib/gcc/avr/4.3.3/avr5\libgcc.a(_thenan_sf.o)
 .text          0x000009b2        0x0 c:/winavr-20100110/bin/../lib/gcc/avr/4.3.3/avr5\libgcc.a(_prologue.o)
 .text          0x000009b2        0x0 c:/winavr-20100110/bin/../lib/gcc/avr/4.3.3/avr5\libgcc.a(_epilogue.o)
 .text          0x000009b2      0x1aa c:/winavr-20100110/bin/../lib/gcc/avr/4.3.3/avr5\libgcc.a(_pack_sf.o)
                0x000009b2                __pack_f
 .text          0x00000b5c       0xf0 c:/winavr-20100110/bin/../lib/gcc/avr/4.3.3/avr5\libgcc.a(_unpack_sf.o)
                0x00000b5c                __unpack_f
 .text          0x00000c4c       0xb2 c:/winavr-20100110/bin/../lib/gcc/avr/4.3.3/avr5\libgcc.a(_fpcmp_parts_sf.o)
                0x00000c4c                __fpcmp_parts_f
                0x00000cfe                . = ALIGN (0x2)
 *(.text.*)
 .text.UART_vidInit
                0x00000cfe       0x1a ./MCAL/UART_Driver/UART_Prog.o
                0x00000cfe                UART_vidInit
 .text.UART_voidInitWithBaudRate
                0x00000d18       0x8c ./MCAL/UART_Driver/UART_Prog.o
                0x00000d18                UART_voidInitWithBaudRate
 .text.UART_u8SendChar
                0x00000da4       0x30 ./MCAL/UART_Driver/UART_Prog.o
                0x00000da4                UART_u8SendChar
 .text.UART_u8SendNumber
                0x00000dd4      0x160 ./MCAL/UART_Driver/UART_Prog.o
                0x00000dd4                UART_u8SendNumber
 .text.UART_u8SendString
                0x00000f34       0x5c ./MCAL/UART_Driver/UART_Prog.o
                0x00000f34                UART_u8SendString
 .text.UART_u8SendStringWithLength
                0x00000f90       0x80 ./MCAL/UART_Driver/UART_Prog.o
                0x00000f90                UART_u8SendStringWithLength
 .text.UART_u8ReceiveChar
                0x00001010       0x58 ./MCAL/UART_Driver/UART_Prog.o
                0x00001010                UART_u8ReceiveChar
 .text.UART_u8ReceiveString
                0x00001068       0xae ./MCAL/UART_Driver/UART_Prog.o
                0x00001068                UART_u8ReceiveString
 .text.UART_u8ReceiveCharNonBlocking
                0x00001116       0x5e ./MCAL/UART_Driver/UART_Prog.o
                0x00001116                UART_u8ReceiveCharNonBlocking
 .text.UART_u8DataAvailable
                0x00001174       0x24 ./MCAL/UART_Driver/UART_Prog.o
                0x00001174                UART_u8DataAvailable
 .text.UART_u8TransmitterReady
                0x00001198       0x2c ./MCAL/UART_Driver/UART_Prog.o
                0x00001198                UART_u8TransmitterReady
 .text.UART_voidSetRxCallback
                0x000011c4       0x24 ./MCAL/UART_Driver/UART_Prog.o
                0x000011c4                UART_voidSetRxCallback
 .text.UART_voidSetTxCallback
                0x000011e8       0x24 ./MCAL/UART_Driver/UART_Prog.o
                0x000011e8                UART_voidSetTxCallback
 .text.UART_voidSetInterruptMode
                0x0000120c       0x7e ./MCAL/UART_Driver/UART_Prog.o
                0x0000120c                UART_voidSetInterruptMode
 .text.UART_voidFlush
                0x0000128a       0x38 ./MCAL/UART_Driver/UART_Prog.o
                0x0000128a                UART_voidFlush
 .text.UART_u16CalculateBaudRate
                0x000012c2       0x64 ./MCAL/UART_Driver/UART_Prog.o
 .text.UART_u8CheckErrors
                0x00001326       0x5c ./MCAL/UART_Driver/UART_Prog.o
 .text.__vector_13
                0x00001382       0x74 ./MCAL/UART_Driver/UART_Prog.o
                0x00001382                __vector_13
 .text.__vector_14
                0x000013f6       0x66 ./MCAL/UART_Driver/UART_Prog.o
                0x000013f6                __vector_14
 .text.TIMER1_vidInit
                0x0000145c       0x46 ./MCAL/TIMER1_Driver/TIMER1_Prog.o
                0x0000145c                TIMER1_vidInit
 .text.TIMER1_vidStartTimer_OverFlowMode
                0x000014a2       0x66 ./MCAL/TIMER1_Driver/TIMER1_Prog.o
                0x000014a2                TIMER1_vidStartTimer_OverFlowMode
 .text.TIMER1_vidStartTimer_CTCMode
                0x00001508      0x3be ./MCAL/TIMER1_Driver/TIMER1_Prog.o
                0x00001508                TIMER1_vidStartTimer_CTCMode
 .text.TIMER1_vidStartTimer_PWMMode
                0x000018c6      0x16c ./MCAL/TIMER1_Driver/TIMER1_Prog.o
                0x000018c6                TIMER1_vidStartTimer_PWMMode
 .text.TIMER1_vidStartTimer_PhaseCorrectMode
                0x00001a32      0x138 ./MCAL/TIMER1_Driver/TIMER1_Prog.o
                0x00001a32                TIMER1_vidStartTimer_PhaseCorrectMode
 .text.TIMER1_vidDisplayInputCaptureMode
                0x00001b6a       0x64 ./MCAL/TIMER1_Driver/TIMER1_Prog.o
                0x00001b6a                TIMER1_vidDisplayInputCaptureMode
 .text.TIMER1_vidSetInitReg
                0x00001bce       0x2e ./MCAL/TIMER1_Driver/TIMER1_Prog.o
                0x00001bce                TIMER1_vidSetInitReg
 .text.TIMER1_vidSetComparReg_ChannelA
                0x00001bfc       0x2e ./MCAL/TIMER1_Driver/TIMER1_Prog.o
                0x00001bfc                TIMER1_vidSetComparReg_ChannelA
 .text.TIMER1_vidSetInputCaptureReg
                0x00001c2a       0x2e ./MCAL/TIMER1_Driver/TIMER1_Prog.o
                0x00001c2a                TIMER1_vidSetInputCaptureReg
 .text.TIMER1_vidSetComparReg_ChannelB
                0x00001c58       0x2e ./MCAL/TIMER1_Driver/TIMER1_Prog.o
                0x00001c58                TIMER1_vidSetComparReg_ChannelB
 .text.TIMER1_u16GetCounterReg
                0x00001c86       0x2a ./MCAL/TIMER1_Driver/TIMER1_Prog.o
                0x00001c86                TIMER1_u16GetCounterReg
 .text.TIMER1_u16GetComparReg_ChannelA
                0x00001cb0       0x2a ./MCAL/TIMER1_Driver/TIMER1_Prog.o
                0x00001cb0                TIMER1_u16GetComparReg_ChannelA
 .text.TIMER1_u16GetComparReg_ChannelB
                0x00001cda       0x2a ./MCAL/TIMER1_Driver/TIMER1_Prog.o
                0x00001cda                TIMER1_u16GetComparReg_ChannelB
 .text.TIMER1_u16GetInputCaptureReg
                0x00001d04       0x2a ./MCAL/TIMER1_Driver/TIMER1_Prog.o
                0x00001d04                TIMER1_u16GetInputCaptureReg
 .text.TIMER1_vidEnableOverFlowInterrupt
                0x00001d2e       0x2a ./MCAL/TIMER1_Driver/TIMER1_Prog.o
                0x00001d2e                TIMER1_vidEnableOverFlowInterrupt
 .text.TIMER1_vidEnableCompareMatchInterrupt_ChannelA
                0x00001d58       0x2a ./MCAL/TIMER1_Driver/TIMER1_Prog.o
                0x00001d58                TIMER1_vidEnableCompareMatchInterrupt_ChannelA
 .text.TIMER1_vidEnableCompareMatchInterrupt_ChannelB
                0x00001d82       0x2a ./MCAL/TIMER1_Driver/TIMER1_Prog.o
                0x00001d82                TIMER1_vidEnableCompareMatchInterrupt_ChannelB
 .text.TIMER1_vidEnableInputCaptureInterrupt
                0x00001dac       0x2a ./MCAL/TIMER1_Driver/TIMER1_Prog.o
                0x00001dac                TIMER1_vidEnableInputCaptureInterrupt
 .text.TIMER1_vidDisableOverFlowInterrupt
                0x00001dd6       0x1c ./MCAL/TIMER1_Driver/TIMER1_Prog.o
                0x00001dd6                TIMER1_vidDisableOverFlowInterrupt
 .text.TIMER1_vidDisableCompareMatchInterrupt_ChannelA
                0x00001df2       0x1c ./MCAL/TIMER1_Driver/TIMER1_Prog.o
                0x00001df2                TIMER1_vidDisableCompareMatchInterrupt_ChannelA
 .text.TIMER1_vidDisableCompareMatchInterrupt_ChannelB
                0x00001e0e       0x1c ./MCAL/TIMER1_Driver/TIMER1_Prog.o
                0x00001e0e                TIMER1_vidDisableCompareMatchInterrupt_ChannelB
 .text.TIMER1_vidDisableInputCaptureInterrupt
                0x00001e2a       0x1c ./MCAL/TIMER1_Driver/TIMER1_Prog.o
                0x00001e2a                TIMER1_vidDisableInputCaptureInterrupt
 .text.TIMER1_vidStopTimer
                0x00001e46       0x38 ./MCAL/TIMER1_Driver/TIMER1_Prog.o
                0x00001e46                TIMER1_vidStopTimer
 .text.__vector_9
                0x00001e7e       0x5a ./MCAL/TIMER1_Driver/TIMER1_Prog.o
                0x00001e7e                __vector_9
 .text.__vector_7
                0x00001ed8       0x5a ./MCAL/TIMER1_Driver/TIMER1_Prog.o
                0x00001ed8                __vector_7
 .text.__vector_8
                0x00001f32       0x5a ./MCAL/TIMER1_Driver/TIMER1_Prog.o
                0x00001f32                __vector_8
 .text.__vector_6
                0x00001f8c       0x5a ./MCAL/TIMER1_Driver/TIMER1_Prog.o
                0x00001f8c                __vector_6
 .text.TIMER0_vidInit
                0x00001fe6       0x2a ./MCAL/TIMER0_Driver/TIMER0_Prog.o
                0x00001fe6                TIMER0_vidInit
 .text.TIMER0_vidStartTimer_OverFlowMode
                0x00002010       0x60 ./MCAL/TIMER0_Driver/TIMER0_Prog.o
                0x00002010                TIMER0_vidStartTimer_OverFlowMode
 .text.TIMER0_vidStartTimer_CTCMode
                0x00002070      0x200 ./MCAL/TIMER0_Driver/TIMER0_Prog.o
                0x00002070                TIMER0_vidStartTimer_CTCMode
 .text.TIMER0_vidStartTimer_PWMMode
                0x00002270      0x2e0 ./MCAL/TIMER0_Driver/TIMER0_Prog.o
                0x00002270                TIMER0_vidStartTimer_PWMMode
 .text.TIMER0_vidStartTimer_PhaseCorrectMode
                0x00002550       0xb4 ./MCAL/TIMER0_Driver/TIMER0_Prog.o
                0x00002550                TIMER0_vidStartTimer_PhaseCorrectMode
 .text.TIMER0_vidSetInitReg
                0x00002604       0x1c ./MCAL/TIMER0_Driver/TIMER0_Prog.o
                0x00002604                TIMER0_vidSetInitReg
 .text.TIMER0_vidSetComparReg
                0x00002620       0x1c ./MCAL/TIMER0_Driver/TIMER0_Prog.o
                0x00002620                TIMER0_vidSetComparReg
 .text.TIMER0_vidGetCounterReg
                0x0000263c       0x14 ./MCAL/TIMER0_Driver/TIMER0_Prog.o
                0x0000263c                TIMER0_vidGetCounterReg
 .text.TIMER0_vidGETComparReg
                0x00002650       0x14 ./MCAL/TIMER0_Driver/TIMER0_Prog.o
                0x00002650                TIMER0_vidGETComparReg
 .text.TIMER0_vidEnableOverFlowInterrupt
                0x00002664       0x2a ./MCAL/TIMER0_Driver/TIMER0_Prog.o
                0x00002664                TIMER0_vidEnableOverFlowInterrupt
 .text.TIMER0_vidEnableCompareMatchInterrupt
                0x0000268e       0x2a ./MCAL/TIMER0_Driver/TIMER0_Prog.o
                0x0000268e                TIMER0_vidEnableCompareMatchInterrupt
 .text.TIMER0_vidDisableOverFlowInterrupt
                0x000026b8       0x1c ./MCAL/TIMER0_Driver/TIMER0_Prog.o
                0x000026b8                TIMER0_vidDisableOverFlowInterrupt
 .text.TIMER0_vidDisableCompareMatchInterrupt
                0x000026d4       0x1c ./MCAL/TIMER0_Driver/TIMER0_Prog.o
                0x000026d4                TIMER0_vidDisableCompareMatchInterrupt
 .text.TIMER0_vidStopTimer
                0x000026f0       0x38 ./MCAL/TIMER0_Driver/TIMER0_Prog.o
                0x000026f0                TIMER0_vidStopTimer
 .text.__vector_11
                0x00002728       0x5a ./MCAL/TIMER0_Driver/TIMER0_Prog.o
                0x00002728                __vector_11
 .text.__vector_10
                0x00002782       0x5a ./MCAL/TIMER0_Driver/TIMER0_Prog.o
                0x00002782                __vector_10
 .text.ICU_u8Init
                0x000027dc       0x64 ./MCAL/ICU_Driver/ICU_Prog.o
                0x000027dc                ICU_u8Init
 .text.ICU_u8StartMeasurement
                0x00002840       0x76 ./MCAL/ICU_Driver/ICU_Prog.o
                0x00002840                ICU_u8StartMeasurement
 .text.ICU_voidReset
                0x000028b6       0x50 ./MCAL/ICU_Driver/ICU_Prog.o
                0x000028b6                ICU_voidReset
 .text.ICU_u8StopMeasurement
                0x00002906       0x1e ./MCAL/ICU_Driver/ICU_Prog.o
                0x00002906                ICU_u8StopMeasurement
 .text.ICU_u8GetMeasuredTime
                0x00002924       0x88 ./MCAL/ICU_Driver/ICU_Prog.o
                0x00002924                ICU_u8GetMeasuredTime
 .text.ICU_u8GetMeasuredTimeUs
                0x000029ac       0x6e ./MCAL/ICU_Driver/ICU_Prog.o
                0x000029ac                ICU_u8GetMeasuredTimeUs
 .text.ICU_u8IsMeasurementComplete
                0x00002a1a       0x22 ./MCAL/ICU_Driver/ICU_Prog.o
                0x00002a1a                ICU_u8IsMeasurementComplete
 .text.ICU_u8GetState
                0x00002a3c       0x12 ./MCAL/ICU_Driver/ICU_Prog.o
                0x00002a3c                ICU_u8GetState
 .text.ICU_voidExtIntCallback
                0x00002a4e       0x66 ./MCAL/ICU_Driver/ICU_Prog.o
 .text.ICU_voidTimer0OverflowCallback
                0x00002ab4       0x52 ./MCAL/ICU_Driver/ICU_Prog.o
 .text.ICU_u32GetCurrentTime
                0x00002b06       0x4e ./MCAL/ICU_Driver/ICU_Prog.o
 .text.DIO_vidSetPinDir
                0x00002b54      0x210 ./MCAL/DIO_Driver/DIO_Prog.o
                0x00002b54                DIO_vidSetPinDir
 .text.DIO_vidSetPinVal
                0x00002d64      0x210 ./MCAL/DIO_Driver/DIO_Prog.o
                0x00002d64                DIO_vidSetPinVal
 .text.DIO_vidTogglePinVal
                0x00002f74      0x10a ./MCAL/DIO_Driver/DIO_Prog.o
                0x00002f74                DIO_vidTogglePinVal
 .text.DIO_vidEnablePullUpRes
                0x0000307e      0x10a ./MCAL/DIO_Driver/DIO_Prog.o
                0x0000307e                DIO_vidEnablePullUpRes
 .text.DIO_u8GetPinVal
                0x00003188      0x108 ./MCAL/DIO_Driver/DIO_Prog.o
                0x00003188                DIO_u8GetPinVal
 .text.DIO_u8GetPortVal
                0x00003290       0x88 ./MCAL/DIO_Driver/DIO_Prog.o
                0x00003290                DIO_u8GetPortVal
 .text.DIO_vidSetPortDir
                0x00003318       0x82 ./MCAL/DIO_Driver/DIO_Prog.o
                0x00003318                DIO_vidSetPortDir
 .text.DIO_vidSetPortVal
                0x0000339a       0x82 ./MCAL/DIO_Driver/DIO_Prog.o
                0x0000339a                DIO_vidSetPortVal
 .text.DIO_vidEnableIntrupt
                0x0000341c      0x27e ./MCAL/DIO_Driver/DIO_Prog.o
                0x0000341c                DIO_vidEnableIntrupt
 .text.DIO_vidDisableExtInt
                0x0000369a       0x8a ./MCAL/DIO_Driver/DIO_Prog.o
                0x0000369a                DIO_vidDisableExtInt
 .text.__vector_1
                0x00003724       0x66 ./MCAL/DIO_Driver/DIO_Prog.o
                0x00003724                __vector_1
 .text.__vector_2
                0x0000378a       0x66 ./MCAL/DIO_Driver/DIO_Prog.o
                0x0000378a                __vector_2
 .text.__vector_3
                0x000037f0       0x66 ./MCAL/DIO_Driver/DIO_Prog.o
                0x000037f0                __vector_3
 .text.ULTRASONIC_u8Init
                0x00003856      0x142 ./HAL/ULTRASONIC_Driver/ULTRASONIC_Prog.o
                0x00003856                ULTRASONIC_u8Init
 .text.ULTRASONIC_u8MeasureDistance
                0x00003998      0x172 ./HAL/ULTRASONIC_Driver/ULTRASONIC_Prog.o
                0x00003998                ULTRASONIC_u8MeasureDistance
 .text.ULTRASONIC_u8StartMeasurement
                0x00003b0a      0x378 ./HAL/ULTRASONIC_Driver/ULTRASONIC_Prog.o
                0x00003b0a                ULTRASONIC_u8StartMeasurement
 .text.ULTRASONIC_u8GetDistance
                0x00003e82       0x76 ./HAL/ULTRASONIC_Driver/ULTRASONIC_Prog.o
                0x00003e82                ULTRASONIC_u8GetDistance
 .text.ULTRASONIC_u8IsMeasurementComplete
                0x00003ef8       0x12 ./HAL/ULTRASONIC_Driver/ULTRASONIC_Prog.o
                0x00003ef8                ULTRASONIC_u8IsMeasurementComplete
 .text.ULTRASONIC_u8GetRawTime
                0x00003f0a       0x44 ./HAL/ULTRASONIC_Driver/ULTRASONIC_Prog.o
                0x00003f0a                ULTRASONIC_u8GetRawTime
 .text.ULTRASONIC_voidReset
                0x00003f4e       0x12 ./HAL/ULTRASONIC_Driver/ULTRASONIC_Prog.o
                0x00003f4e                ULTRASONIC_voidReset
 .text.ULTRASONIC_voidSendTriggerPulse
                0x00003f60      0x1b6 ./HAL/ULTRASONIC_Driver/ULTRASONIC_Prog.o
 .text.ULTRASONIC_u8ConvertTimeToDistance
                0x00004116       0x8c ./HAL/ULTRASONIC_Driver/ULTRASONIC_Prog.o
 .text.SERVMOT_vidStartRotate
                0x000041a2      0x14a ./HAL/SERVMOT_Driver/SERVMOT_Prog.o
                0x000041a2                SERVMOT_vidStartRotate
 .text.SERVMOT_vidStopRotate
                0x000042ec       0x12 ./HAL/SERVMOT_Driver/SERVMOT_Prog.o
                0x000042ec                SERVMOT_vidStopRotate
 .text.IR_u8Init
                0x000042fe       0x7e ./HAL/IR_SENSOR_Driver/IR_Prog.o
                0x000042fe                IR_u8Init
 .text.IR_u8ReadSensor
                0x0000437c       0x56 ./HAL/IR_SENSOR_Driver/IR_Prog.o
                0x0000437c                IR_u8ReadSensor
 .text.IR_u8ReadRawSensor
                0x000043d2       0x40 ./HAL/IR_SENSOR_Driver/IR_Prog.o
 .text.IR_u8ConvertToLogical
                0x00004412       0x24 ./HAL/IR_SENSOR_Driver/IR_Prog.o
 .text.DCMOT_1_vidInit
                0x00004436       0x36 ./HAL/DCMOT_Driver/DCMOT_Prog.o
                0x00004436                DCMOT_1_vidInit
 .text.DCMOT_2_vidInit
                0x0000446c       0x36 ./HAL/DCMOT_Driver/DCMOT_Prog.o
                0x0000446c                DCMOT_2_vidInit
 .text.DCMOT_1_vidRotCW
                0x000044a2       0x1c ./HAL/DCMOT_Driver/DCMOT_Prog.o
                0x000044a2                DCMOT_1_vidRotCW
 .text.DCMOT_2_vidRotCW
                0x000044be       0x1c ./HAL/DCMOT_Driver/DCMOT_Prog.o
                0x000044be                DCMOT_2_vidRotCW
 .text.DCMOT_1_vidRotCCW
                0x000044da       0x1c ./HAL/DCMOT_Driver/DCMOT_Prog.o
                0x000044da                DCMOT_1_vidRotCCW
 .text.DCMOT_2_vidRotCCW
                0x000044f6       0x1c ./HAL/DCMOT_Driver/DCMOT_Prog.o
                0x000044f6                DCMOT_2_vidRotCCW
 .text.DCMOT_1_vidStop
                0x00004512       0x22 ./HAL/DCMOT_Driver/DCMOT_Prog.o
                0x00004512                DCMOT_1_vidStop
 .text.DCMOT_2_vidStop
                0x00004534       0x22 ./HAL/DCMOT_Driver/DCMOT_Prog.o
                0x00004534                DCMOT_2_vidStop
 .text.vdCarMoveUp
                0x00004556       0x16 ./APP/CarMove.o
                0x00004556                vdCarMoveUp
 .text.vdCarInitMotors
                0x0000456c       0x16 ./APP/CarMove.o
                0x0000456c                vdCarInitMotors
 .text.vdCarMoveBack
                0x00004582       0x16 ./APP/CarMove.o
                0x00004582                vdCarMoveBack
 .text.vdCarMoveRight
                0x00004598       0x16 ./APP/CarMove.o
                0x00004598                vdCarMoveRight
 .text.vdCarMoveLeft
                0x000045ae       0x16 ./APP/CarMove.o
                0x000045ae                vdCarMoveLeft
 .text.vdCarStop
                0x000045c4       0x16 ./APP/CarMove.o
                0x000045c4                vdCarStop
 .text.EYES_vdInit
                0x000045da       0x1e ./APP/Eyes.o
                0x000045da                EYES_vdInit
 .text.EYES_LookRight
                0x000045f8       0x1a ./APP/Eyes.o
                0x000045f8                EYES_LookRight
 .text.EYES_LookLeft
                0x00004612       0x1a ./APP/Eyes.o
                0x00004612                EYES_LookLeft
 .text.EYES_LookForward
                0x0000462c       0x1a ./APP/Eyes.o
                0x0000462c                EYES_LookForward
 .text.EYES_MeasureDist
                0x00004646       0xbc ./APP/Eyes.o
                0x00004646                EYES_MeasureDist
 .text.EYES_SetAlarm
                0x00004702        0xe ./APP/Eyes.o
                0x00004702                EYES_SetAlarm
 .text.vidLineFollowerInit
                0x00004710       0x12 ./APP/LineFollower.o
                0x00004710                vidLineFollowerInit
 .text.lineFollowerDetect
                0x00004722      0x108 ./APP/LineFollower.o
                0x00004722                lineFollowerDetect
 .text.carInit  0x0000482a       0x2c ./APP/ModesHandler.o
                0x0000482a                carInit
 .text.handleMode1
                0x00004856       0x7c ./APP/ModesHandler.o
                0x00004856                handleMode1
 .text.handleMode2
                0x000048d2      0x84a ./APP/ModesHandler.o
                0x000048d2                handleMode2
 .text.handleMode3
                0x0000511c       0xbc ./APP/ModesHandler.o
                0x0000511c                handleMode3
 .text.handleMode4
                0x000051d8        0xe ./APP/ModesHandler.o
                0x000051d8                handleMode4
 .text.handleIdleMode
                0x000051e6       0x16 ./APP/ModesHandler.o
                0x000051e6                handleIdleMode
 .text.SimpleRxCallback
                0x000051fc      0x106 ./APP/ModesHandler.o
                0x000051fc                SimpleRxCallback
 .text.main     0x00005302       0x74 ./main.o
                0x00005302                main
 .text.libgcc   0x00005376       0x44 c:/winavr-20100110/bin/../lib/gcc/avr/4.3.3/avr5\libgcc.a(_udivmodsi4.o)
                0x00005376                __udivmodsi4
 .text.libgcc   0x000053ba       0x36 c:/winavr-20100110/bin/../lib/gcc/avr/4.3.3/avr5\libgcc.a(_divmodsi4.o)
                0x000053ba                __divmodsi4
 .text.libgcc   0x000053f0        0x0 c:/winavr-20100110/bin/../lib/gcc/avr/4.3.3/avr5\libgcc.a(_exit.o)
 .text.libgcc   0x000053f0        0x0 c:/winavr-20100110/bin/../lib/gcc/avr/4.3.3/avr5\libgcc.a(_copy_data.o)
 .text.libgcc   0x000053f0        0x0 c:/winavr-20100110/bin/../lib/gcc/avr/4.3.3/avr5\libgcc.a(_clear_bss.o)
 .text.libgcc   0x000053f0       0x38 c:/winavr-20100110/bin/../lib/gcc/avr/4.3.3/avr5\libgcc.a(_prologue.o)
                0x000053f0                __prologue_saves__
 .text.libgcc   0x00005428       0x36 c:/winavr-20100110/bin/../lib/gcc/avr/4.3.3/avr5\libgcc.a(_epilogue.o)
                0x00005428                __epilogue_restores__
                0x0000545e                . = ALIGN (0x2)
 *(.fini9)
 .fini9         0x0000545e        0x0 c:/winavr-20100110/bin/../lib/gcc/avr/4.3.3/avr5\libgcc.a(_exit.o)
                0x0000545e                exit
                0x0000545e                _exit
 *(.fini9)
 *(.fini8)
 *(.fini8)
 *(.fini7)
 *(.fini7)
 *(.fini6)
 *(.fini6)
 *(.fini5)
 *(.fini5)
 *(.fini4)
 *(.fini4)
 *(.fini3)
 *(.fini3)
 *(.fini2)
 *(.fini2)
 *(.fini1)
 *(.fini1)
 *(.fini0)
 .fini0         0x0000545e        0x4 c:/winavr-20100110/bin/../lib/gcc/avr/4.3.3/avr5\libgcc.a(_exit.o)
 *(.fini0)
                0x00005462                _etext = .

.data           0x00800060       0x10 load address 0x00005462
                0x00800060                PROVIDE (__data_start, .)
 *(.data)
 .data          0x00800060        0x0 c:/winavr-20100110/bin/../lib/gcc/avr/4.3.3/../../../../avr/lib/avr5/crtm32.o
 .data          0x00800060        0x0 ./MCAL/UART_Driver/UART_Prog.o
 .data          0x00800060        0x0 ./MCAL/TIMER1_Driver/TIMER1_Prog.o
 .data          0x00800060        0x0 ./MCAL/TIMER0_Driver/TIMER0_Prog.o
 .data          0x00800060        0x0 ./MCAL/ICU_Driver/ICU_Prog.o
 .data          0x00800060        0x0 ./MCAL/DIO_Driver/DIO_Prog.o
 .data          0x00800060        0x0 ./HAL/ULTRASONIC_Driver/ULTRASONIC_Prog.o
 .data          0x00800060        0x0 ./HAL/SERVMOT_Driver/SERVMOT_Prog.o
 .data          0x00800060        0x0 ./HAL/IR_SENSOR_Driver/IR_Prog.o
 .data          0x00800060        0x0 ./HAL/DCMOT_Driver/DCMOT_Prog.o
 .data          0x00800060        0x0 ./APP/CarMove.o
 .data          0x00800060        0x0 ./APP/Eyes.o
 .data          0x00800060        0x0 ./APP/LineFollower.o
 .data          0x00800060        0x0 ./APP/ModesHandler.o
 .data          0x00800060        0x0 ./.metadata/.plugins/org.eclipse.cdt.make.core/specs.o
 .data          0x00800060        0x0 ./main.o
 .data          0x00800060        0x0 c:/winavr-20100110/bin/../lib/gcc/avr/4.3.3/avr5\libgcc.a(_udivmodsi4.o)
 .data          0x00800060        0x0 c:/winavr-20100110/bin/../lib/gcc/avr/4.3.3/avr5\libgcc.a(_divmodsi4.o)
 .data          0x00800060        0x0 c:/winavr-20100110/bin/../lib/gcc/avr/4.3.3/avr5\libgcc.a(_exit.o)
 .data          0x00800060        0x0 c:/winavr-20100110/bin/../lib/gcc/avr/4.3.3/avr5\libgcc.a(_copy_data.o)
 .data          0x00800060        0x0 c:/winavr-20100110/bin/../lib/gcc/avr/4.3.3/avr5\libgcc.a(_clear_bss.o)
 .data          0x00800060        0x0 c:/winavr-20100110/bin/../lib/gcc/avr/4.3.3/avr5\libgcc.a(_fixunssfsi.o)
 .data          0x00800060        0x0 c:/winavr-20100110/bin/../lib/gcc/avr/4.3.3/avr5\libgcc.a(_addsub_sf.o)
 .data          0x00800060        0x0 c:/winavr-20100110/bin/../lib/gcc/avr/4.3.3/avr5\libgcc.a(_mul_sf.o)
 .data          0x00800060        0x0 c:/winavr-20100110/bin/../lib/gcc/avr/4.3.3/avr5\libgcc.a(_div_sf.o)
 .data          0x00800060        0x0 c:/winavr-20100110/bin/../lib/gcc/avr/4.3.3/avr5\libgcc.a(_gt_sf.o)
 .data          0x00800060        0x0 c:/winavr-20100110/bin/../lib/gcc/avr/4.3.3/avr5\libgcc.a(_ge_sf.o)
 .data          0x00800060        0x0 c:/winavr-20100110/bin/../lib/gcc/avr/4.3.3/avr5\libgcc.a(_lt_sf.o)
 .data          0x00800060        0x0 c:/winavr-20100110/bin/../lib/gcc/avr/4.3.3/avr5\libgcc.a(_le_sf.o)
 .data          0x00800060        0x0 c:/winavr-20100110/bin/../lib/gcc/avr/4.3.3/avr5\libgcc.a(_sf_to_si.o)
 .data          0x00800060        0x8 c:/winavr-20100110/bin/../lib/gcc/avr/4.3.3/avr5\libgcc.a(_thenan_sf.o)
                0x00800060                __thenan_sf
 .data          0x00800068        0x0 c:/winavr-20100110/bin/../lib/gcc/avr/4.3.3/avr5\libgcc.a(_prologue.o)
 .data          0x00800068        0x0 c:/winavr-20100110/bin/../lib/gcc/avr/4.3.3/avr5\libgcc.a(_epilogue.o)
 .data          0x00800068        0x0 c:/winavr-20100110/bin/../lib/gcc/avr/4.3.3/avr5\libgcc.a(_pack_sf.o)
 .data          0x00800068        0x0 c:/winavr-20100110/bin/../lib/gcc/avr/4.3.3/avr5\libgcc.a(_unpack_sf.o)
 .data          0x00800068        0x0 c:/winavr-20100110/bin/../lib/gcc/avr/4.3.3/avr5\libgcc.a(_fpcmp_parts_sf.o)
 *(.data*)
 .data.selectedMode
                0x00800068        0x1 ./APP/ModesHandler.o
                0x00800068                selectedMode
 .data.SelectedDirec
                0x00800069        0x1 ./APP/ModesHandler.o
                0x00800069                SelectedDirec
 *(.rodata)
 *(.rodata*)
 .rodata.IR_SensorConfig
                0x0080006a        0x6 ./HAL/IR_SENSOR_Driver/IR_Prog.o
 *(.gnu.linkonce.d*)
                0x00800070                . = ALIGN (0x2)
                0x00800070                _edata = .
                0x00800070                PROVIDE (__data_end, .)

.bss            0x00800070       0x25
                0x00800070                PROVIDE (__bss_start, .)
 *(.bss)
 .bss           0x00800070        0x0 c:/winavr-20100110/bin/../lib/gcc/avr/4.3.3/../../../../avr/lib/avr5/crtm32.o
 .bss           0x00800070        0x0 ./MCAL/UART_Driver/UART_Prog.o
 .bss           0x00800070        0x0 ./MCAL/TIMER1_Driver/TIMER1_Prog.o
 .bss           0x00800070        0x0 ./MCAL/TIMER0_Driver/TIMER0_Prog.o
 .bss           0x00800070        0x0 ./MCAL/ICU_Driver/ICU_Prog.o
 .bss           0x00800070        0x0 ./MCAL/DIO_Driver/DIO_Prog.o
 .bss           0x00800070        0x0 ./HAL/ULTRASONIC_Driver/ULTRASONIC_Prog.o
 .bss           0x00800070        0x0 ./HAL/SERVMOT_Driver/SERVMOT_Prog.o
 .bss           0x00800070        0x0 ./HAL/IR_SENSOR_Driver/IR_Prog.o
 .bss           0x00800070        0x0 ./HAL/DCMOT_Driver/DCMOT_Prog.o
 .bss           0x00800070        0x0 ./APP/CarMove.o
 .bss           0x00800070        0x0 ./APP/Eyes.o
 .bss           0x00800070        0x0 ./APP/LineFollower.o
 .bss           0x00800070        0x0 ./APP/ModesHandler.o
 .bss           0x00800070        0x0 ./.metadata/.plugins/org.eclipse.cdt.make.core/specs.o
 .bss           0x00800070        0x0 ./main.o
 .bss           0x00800070        0x0 c:/winavr-20100110/bin/../lib/gcc/avr/4.3.3/avr5\libgcc.a(_udivmodsi4.o)
 .bss           0x00800070        0x0 c:/winavr-20100110/bin/../lib/gcc/avr/4.3.3/avr5\libgcc.a(_divmodsi4.o)
 .bss           0x00800070        0x0 c:/winavr-20100110/bin/../lib/gcc/avr/4.3.3/avr5\libgcc.a(_exit.o)
 .bss           0x00800070        0x0 c:/winavr-20100110/bin/../lib/gcc/avr/4.3.3/avr5\libgcc.a(_copy_data.o)
 .bss           0x00800070        0x0 c:/winavr-20100110/bin/../lib/gcc/avr/4.3.3/avr5\libgcc.a(_clear_bss.o)
 .bss           0x00800070        0x0 c:/winavr-20100110/bin/../lib/gcc/avr/4.3.3/avr5\libgcc.a(_fixunssfsi.o)
 .bss           0x00800070        0x0 c:/winavr-20100110/bin/../lib/gcc/avr/4.3.3/avr5\libgcc.a(_addsub_sf.o)
 .bss           0x00800070        0x0 c:/winavr-20100110/bin/../lib/gcc/avr/4.3.3/avr5\libgcc.a(_mul_sf.o)
 .bss           0x00800070        0x0 c:/winavr-20100110/bin/../lib/gcc/avr/4.3.3/avr5\libgcc.a(_div_sf.o)
 .bss           0x00800070        0x0 c:/winavr-20100110/bin/../lib/gcc/avr/4.3.3/avr5\libgcc.a(_gt_sf.o)
 .bss           0x00800070        0x0 c:/winavr-20100110/bin/../lib/gcc/avr/4.3.3/avr5\libgcc.a(_ge_sf.o)
 .bss           0x00800070        0x0 c:/winavr-20100110/bin/../lib/gcc/avr/4.3.3/avr5\libgcc.a(_lt_sf.o)
 .bss           0x00800070        0x0 c:/winavr-20100110/bin/../lib/gcc/avr/4.3.3/avr5\libgcc.a(_le_sf.o)
 .bss           0x00800070        0x0 c:/winavr-20100110/bin/../lib/gcc/avr/4.3.3/avr5\libgcc.a(_sf_to_si.o)
 .bss           0x00800070        0x0 c:/winavr-20100110/bin/../lib/gcc/avr/4.3.3/avr5\libgcc.a(_thenan_sf.o)
 .bss           0x00800070        0x0 c:/winavr-20100110/bin/../lib/gcc/avr/4.3.3/avr5\libgcc.a(_prologue.o)
 .bss           0x00800070        0x0 c:/winavr-20100110/bin/../lib/gcc/avr/4.3.3/avr5\libgcc.a(_epilogue.o)
 .bss           0x00800070        0x0 c:/winavr-20100110/bin/../lib/gcc/avr/4.3.3/avr5\libgcc.a(_pack_sf.o)
 .bss           0x00800070        0x0 c:/winavr-20100110/bin/../lib/gcc/avr/4.3.3/avr5\libgcc.a(_unpack_sf.o)
 .bss           0x00800070        0x0 c:/winavr-20100110/bin/../lib/gcc/avr/4.3.3/avr5\libgcc.a(_fpcmp_parts_sf.o)
 *(.bss*)
 .bss.UART_pvRxCallback
                0x00800070        0x2 ./MCAL/UART_Driver/UART_Prog.o
 .bss.UART_pvTxCallback
                0x00800072        0x2 ./MCAL/UART_Driver/UART_Prog.o
 .bss.g_u8ICUState
                0x00800074        0x1 ./MCAL/ICU_Driver/ICU_Prog.o
 .bss.g_u32StartTime
                0x00800075        0x4 ./MCAL/ICU_Driver/ICU_Prog.o
 .bss.g_u32EndTime
                0x00800079        0x4 ./MCAL/ICU_Driver/ICU_Prog.o
 .bss.g_u32OverflowCount
                0x0080007d        0x4 ./MCAL/ICU_Driver/ICU_Prog.o
 .bss.g_u8EdgeCount
                0x00800081        0x1 ./MCAL/ICU_Driver/ICU_Prog.o
 .bss.Counter.1292
                0x00800082        0x1 ./HAL/SERVMOT_Driver/SERVMOT_Prog.o
 *(COMMON)
 COMMON         0x00800083        0x8 ./MCAL/TIMER1_Driver/TIMER1_Prog.o
                0x00800083                Timer1_CTC_A_Call_Back
                0x00800085                Timer1_CTC_B_Call_Back
                0x00800087                Timer1_IC_Call_Back
                0x00800089                Timer1_OF_Call_Back
 COMMON         0x0080008b        0x4 ./MCAL/TIMER0_Driver/TIMER0_Prog.o
                0x0080008b                Timer0_CTC_Call_Back
                0x0080008d                Timer0_OF_Call_Back
 COMMON         0x0080008f        0x6 ./MCAL/ICU_Driver/ICU_Prog.o
                0x0080008f                EXT_INT2_Call_Back
                0x00800091                EXT_INT0_Call_Back
                0x00800093                EXT_INT1_Call_Back
                0x00800095                PROVIDE (__bss_end, .)
                0x00005462                __data_load_start = LOADADDR (.data)
                0x00005472                __data_load_end = (__data_load_start + SIZEOF (.data))

.noinit         0x00800095        0x0
                0x00800095                PROVIDE (__noinit_start, .)
 *(.noinit*)
                0x00800095                PROVIDE (__noinit_end, .)
                0x00800095                _end = .
                0x00800095                PROVIDE (__heap_start, .)

.eeprom         0x00810000        0x0
 *(.eeprom*)
                0x00810000                __eeprom_end = .

.fuse
 *(.fuse)
 *(.lfuse)
 *(.hfuse)
 *(.efuse)

.lock
 *(.lock*)

.signature
 *(.signature*)

.stab           0x00000000     0x5ac0
 *(.stab)
 .stab          0x00000000      0xc00 ./MCAL/UART_Driver/UART_Prog.o
 .stab          0x00000c00      0xb28 ./MCAL/TIMER1_Driver/TIMER1_Prog.o
                                0xb34 (size before relaxing)
 .stab          0x00001728      0x834 ./MCAL/TIMER0_Driver/TIMER0_Prog.o
                                0x840 (size before relaxing)
 .stab          0x00001f5c      0x66c ./MCAL/ICU_Driver/ICU_Prog.o
                                0x678 (size before relaxing)
 .stab          0x000025c8      0x918 ./MCAL/DIO_Driver/DIO_Prog.o
                                0x924 (size before relaxing)
 .stab          0x00002ee0      0xccc ./HAL/ULTRASONIC_Driver/ULTRASONIC_Prog.o
                                0xcd8 (size before relaxing)
 .stab          0x00003bac      0x2d0 ./HAL/SERVMOT_Driver/SERVMOT_Prog.o
                                0x2dc (size before relaxing)
 .stab          0x00003e7c      0x348 ./HAL/IR_SENSOR_Driver/IR_Prog.o
                                0x354 (size before relaxing)
 .stab          0x000041c4      0x390 ./HAL/DCMOT_Driver/DCMOT_Prog.o
                                0x39c (size before relaxing)
 .stab          0x00004554      0x240 ./APP/CarMove.o
                                0x24c (size before relaxing)
 .stab          0x00004794      0x348 ./APP/Eyes.o
                                0x354 (size before relaxing)
 .stab          0x00004adc      0x300 ./APP/LineFollower.o
                                0x30c (size before relaxing)
 .stab          0x00004ddc      0xab0 ./APP/ModesHandler.o
                                0xcc0 (size before relaxing)
 .stab          0x0000588c       0xd8 ./.metadata/.plugins/org.eclipse.cdt.make.core/specs.o
                                 0xe4 (size before relaxing)
 .stab          0x00005964      0x15c ./main.o
                                0x1e0 (size before relaxing)

.stabstr        0x00000000     0x271e
 *(.stabstr)
 .stabstr       0x00000000     0x271e ./MCAL/UART_Driver/UART_Prog.o

.stab.excl
 *(.stab.excl)

.stab.exclstr
 *(.stab.exclstr)

.stab.index
 *(.stab.index)

.stab.indexstr
 *(.stab.indexstr)

.comment
 *(.comment)

.debug
 *(.debug)

.line
 *(.line)

.debug_srcinfo
 *(.debug_srcinfo)

.debug_sfnames
 *(.debug_sfnames)

.debug_aranges  0x00000000      0x180
 *(.debug_aranges)
 .debug_aranges
                0x00000000       0x20 c:/winavr-20100110/bin/../lib/gcc/avr/4.3.3/avr5\libgcc.a(_fixunssfsi.o)
 .debug_aranges
                0x00000020       0x20 c:/winavr-20100110/bin/../lib/gcc/avr/4.3.3/avr5\libgcc.a(_addsub_sf.o)
 .debug_aranges
                0x00000040       0x20 c:/winavr-20100110/bin/../lib/gcc/avr/4.3.3/avr5\libgcc.a(_mul_sf.o)
 .debug_aranges
                0x00000060       0x20 c:/winavr-20100110/bin/../lib/gcc/avr/4.3.3/avr5\libgcc.a(_div_sf.o)
 .debug_aranges
                0x00000080       0x20 c:/winavr-20100110/bin/../lib/gcc/avr/4.3.3/avr5\libgcc.a(_gt_sf.o)
 .debug_aranges
                0x000000a0       0x20 c:/winavr-20100110/bin/../lib/gcc/avr/4.3.3/avr5\libgcc.a(_ge_sf.o)
 .debug_aranges
                0x000000c0       0x20 c:/winavr-20100110/bin/../lib/gcc/avr/4.3.3/avr5\libgcc.a(_lt_sf.o)
 .debug_aranges
                0x000000e0       0x20 c:/winavr-20100110/bin/../lib/gcc/avr/4.3.3/avr5\libgcc.a(_le_sf.o)
 .debug_aranges
                0x00000100       0x20 c:/winavr-20100110/bin/../lib/gcc/avr/4.3.3/avr5\libgcc.a(_sf_to_si.o)
 .debug_aranges
                0x00000120       0x20 c:/winavr-20100110/bin/../lib/gcc/avr/4.3.3/avr5\libgcc.a(_pack_sf.o)
 .debug_aranges
                0x00000140       0x20 c:/winavr-20100110/bin/../lib/gcc/avr/4.3.3/avr5\libgcc.a(_unpack_sf.o)
 .debug_aranges
                0x00000160       0x20 c:/winavr-20100110/bin/../lib/gcc/avr/4.3.3/avr5\libgcc.a(_fpcmp_parts_sf.o)

.debug_pubnames
                0x00000000      0x1ad
 *(.debug_pubnames)
 .debug_pubnames
                0x00000000       0x23 c:/winavr-20100110/bin/../lib/gcc/avr/4.3.3/avr5\libgcc.a(_fixunssfsi.o)
 .debug_pubnames
                0x00000023       0x2c c:/winavr-20100110/bin/../lib/gcc/avr/4.3.3/avr5\libgcc.a(_addsub_sf.o)
 .debug_pubnames
                0x0000004f       0x1f c:/winavr-20100110/bin/../lib/gcc/avr/4.3.3/avr5\libgcc.a(_mul_sf.o)
 .debug_pubnames
                0x0000006e       0x1f c:/winavr-20100110/bin/../lib/gcc/avr/4.3.3/avr5\libgcc.a(_div_sf.o)
 .debug_pubnames
                0x0000008d       0x1e c:/winavr-20100110/bin/../lib/gcc/avr/4.3.3/avr5\libgcc.a(_gt_sf.o)
 .debug_pubnames
                0x000000ab       0x1e c:/winavr-20100110/bin/../lib/gcc/avr/4.3.3/avr5\libgcc.a(_ge_sf.o)
 .debug_pubnames
                0x000000c9       0x1e c:/winavr-20100110/bin/../lib/gcc/avr/4.3.3/avr5\libgcc.a(_lt_sf.o)
 .debug_pubnames
                0x000000e7       0x1e c:/winavr-20100110/bin/../lib/gcc/avr/4.3.3/avr5\libgcc.a(_le_sf.o)
 .debug_pubnames
                0x00000105       0x20 c:/winavr-20100110/bin/../lib/gcc/avr/4.3.3/avr5\libgcc.a(_sf_to_si.o)
 .debug_pubnames
                0x00000125       0x22 c:/winavr-20100110/bin/../lib/gcc/avr/4.3.3/avr5\libgcc.a(_thenan_sf.o)
 .debug_pubnames
                0x00000147       0x1f c:/winavr-20100110/bin/../lib/gcc/avr/4.3.3/avr5\libgcc.a(_pack_sf.o)
 .debug_pubnames
                0x00000166       0x21 c:/winavr-20100110/bin/../lib/gcc/avr/4.3.3/avr5\libgcc.a(_unpack_sf.o)
 .debug_pubnames
                0x00000187       0x26 c:/winavr-20100110/bin/../lib/gcc/avr/4.3.3/avr5\libgcc.a(_fpcmp_parts_sf.o)

.debug_info     0x00000000     0x22c4
 *(.debug_info)
 .debug_info    0x00000000       0xb1 c:/winavr-20100110/bin/../lib/gcc/avr/4.3.3/avr5\libgcc.a(_fixunssfsi.o)
 .debug_info    0x000000b1      0x47a c:/winavr-20100110/bin/../lib/gcc/avr/4.3.3/avr5\libgcc.a(_addsub_sf.o)
 .debug_info    0x0000052b      0x485 c:/winavr-20100110/bin/../lib/gcc/avr/4.3.3/avr5\libgcc.a(_mul_sf.o)
 .debug_info    0x000009b0      0x3fc c:/winavr-20100110/bin/../lib/gcc/avr/4.3.3/avr5\libgcc.a(_div_sf.o)
 .debug_info    0x00000dac      0x27f c:/winavr-20100110/bin/../lib/gcc/avr/4.3.3/avr5\libgcc.a(_gt_sf.o)
 .debug_info    0x0000102b      0x27f c:/winavr-20100110/bin/../lib/gcc/avr/4.3.3/avr5\libgcc.a(_ge_sf.o)
 .debug_info    0x000012aa      0x27f c:/winavr-20100110/bin/../lib/gcc/avr/4.3.3/avr5\libgcc.a(_lt_sf.o)
 .debug_info    0x00001529      0x27f c:/winavr-20100110/bin/../lib/gcc/avr/4.3.3/avr5\libgcc.a(_le_sf.o)
 .debug_info    0x000017a8      0x2b0 c:/winavr-20100110/bin/../lib/gcc/avr/4.3.3/avr5\libgcc.a(_sf_to_si.o)
 .debug_info    0x00001a58      0x12c c:/winavr-20100110/bin/../lib/gcc/avr/4.3.3/avr5\libgcc.a(_thenan_sf.o)
 .debug_info    0x00001b84      0x2df c:/winavr-20100110/bin/../lib/gcc/avr/4.3.3/avr5\libgcc.a(_pack_sf.o)
 .debug_info    0x00001e63      0x251 c:/winavr-20100110/bin/../lib/gcc/avr/4.3.3/avr5\libgcc.a(_unpack_sf.o)
 .debug_info    0x000020b4      0x210 c:/winavr-20100110/bin/../lib/gcc/avr/4.3.3/avr5\libgcc.a(_fpcmp_parts_sf.o)
 *(.gnu.linkonce.wi.*)

.debug_abbrev   0x00000000     0x125b
 *(.debug_abbrev)
 .debug_abbrev  0x00000000       0x5d c:/winavr-20100110/bin/../lib/gcc/avr/4.3.3/avr5\libgcc.a(_fixunssfsi.o)
 .debug_abbrev  0x0000005d      0x1ea c:/winavr-20100110/bin/../lib/gcc/avr/4.3.3/avr5\libgcc.a(_addsub_sf.o)
 .debug_abbrev  0x00000247      0x21b c:/winavr-20100110/bin/../lib/gcc/avr/4.3.3/avr5\libgcc.a(_mul_sf.o)
 .debug_abbrev  0x00000462      0x216 c:/winavr-20100110/bin/../lib/gcc/avr/4.3.3/avr5\libgcc.a(_div_sf.o)
 .debug_abbrev  0x00000678      0x15a c:/winavr-20100110/bin/../lib/gcc/avr/4.3.3/avr5\libgcc.a(_gt_sf.o)
 .debug_abbrev  0x000007d2      0x15a c:/winavr-20100110/bin/../lib/gcc/avr/4.3.3/avr5\libgcc.a(_ge_sf.o)
 .debug_abbrev  0x0000092c      0x15a c:/winavr-20100110/bin/../lib/gcc/avr/4.3.3/avr5\libgcc.a(_lt_sf.o)
 .debug_abbrev  0x00000a86      0x15a c:/winavr-20100110/bin/../lib/gcc/avr/4.3.3/avr5\libgcc.a(_le_sf.o)
 .debug_abbrev  0x00000be0      0x17f c:/winavr-20100110/bin/../lib/gcc/avr/4.3.3/avr5\libgcc.a(_sf_to_si.o)
 .debug_abbrev  0x00000d5f       0xad c:/winavr-20100110/bin/../lib/gcc/avr/4.3.3/avr5\libgcc.a(_thenan_sf.o)
 .debug_abbrev  0x00000e0c      0x1c0 c:/winavr-20100110/bin/../lib/gcc/avr/4.3.3/avr5\libgcc.a(_pack_sf.o)
 .debug_abbrev  0x00000fcc      0x154 c:/winavr-20100110/bin/../lib/gcc/avr/4.3.3/avr5\libgcc.a(_unpack_sf.o)
 .debug_abbrev  0x00001120      0x13b c:/winavr-20100110/bin/../lib/gcc/avr/4.3.3/avr5\libgcc.a(_fpcmp_parts_sf.o)

.debug_line     0x00000000     0x1055
 *(.debug_line)
 .debug_line    0x00000000       0xa7 c:/winavr-20100110/bin/../lib/gcc/avr/4.3.3/avr5\libgcc.a(_fixunssfsi.o)
 .debug_line    0x000000a7      0x2af c:/winavr-20100110/bin/../lib/gcc/avr/4.3.3/avr5\libgcc.a(_addsub_sf.o)
 .debug_line    0x00000356      0x239 c:/winavr-20100110/bin/../lib/gcc/avr/4.3.3/avr5\libgcc.a(_mul_sf.o)
 .debug_line    0x0000058f      0x1d5 c:/winavr-20100110/bin/../lib/gcc/avr/4.3.3/avr5\libgcc.a(_div_sf.o)
 .debug_line    0x00000764       0xd3 c:/winavr-20100110/bin/../lib/gcc/avr/4.3.3/avr5\libgcc.a(_gt_sf.o)
 .debug_line    0x00000837       0xd3 c:/winavr-20100110/bin/../lib/gcc/avr/4.3.3/avr5\libgcc.a(_ge_sf.o)
 .debug_line    0x0000090a       0xd3 c:/winavr-20100110/bin/../lib/gcc/avr/4.3.3/avr5\libgcc.a(_lt_sf.o)
 .debug_line    0x000009dd       0xd3 c:/winavr-20100110/bin/../lib/gcc/avr/4.3.3/avr5\libgcc.a(_le_sf.o)
 .debug_line    0x00000ab0      0x109 c:/winavr-20100110/bin/../lib/gcc/avr/4.3.3/avr5\libgcc.a(_sf_to_si.o)
 .debug_line    0x00000bb9       0x90 c:/winavr-20100110/bin/../lib/gcc/avr/4.3.3/avr5\libgcc.a(_thenan_sf.o)
 .debug_line    0x00000c49      0x18a c:/winavr-20100110/bin/../lib/gcc/avr/4.3.3/avr5\libgcc.a(_pack_sf.o)
 .debug_line    0x00000dd3      0x14b c:/winavr-20100110/bin/../lib/gcc/avr/4.3.3/avr5\libgcc.a(_unpack_sf.o)
 .debug_line    0x00000f1e      0x137 c:/winavr-20100110/bin/../lib/gcc/avr/4.3.3/avr5\libgcc.a(_fpcmp_parts_sf.o)

.debug_frame    0x00000000      0x1a0
 *(.debug_frame)
 .debug_frame   0x00000000       0x20 c:/winavr-20100110/bin/../lib/gcc/avr/4.3.3/avr5\libgcc.a(_fixunssfsi.o)
 .debug_frame   0x00000020       0x40 c:/winavr-20100110/bin/../lib/gcc/avr/4.3.3/avr5\libgcc.a(_addsub_sf.o)
 .debug_frame   0x00000060       0x20 c:/winavr-20100110/bin/../lib/gcc/avr/4.3.3/avr5\libgcc.a(_mul_sf.o)
 .debug_frame   0x00000080       0x20 c:/winavr-20100110/bin/../lib/gcc/avr/4.3.3/avr5\libgcc.a(_div_sf.o)
 .debug_frame   0x000000a0       0x20 c:/winavr-20100110/bin/../lib/gcc/avr/4.3.3/avr5\libgcc.a(_gt_sf.o)
 .debug_frame   0x000000c0       0x20 c:/winavr-20100110/bin/../lib/gcc/avr/4.3.3/avr5\libgcc.a(_ge_sf.o)
 .debug_frame   0x000000e0       0x20 c:/winavr-20100110/bin/../lib/gcc/avr/4.3.3/avr5\libgcc.a(_lt_sf.o)
 .debug_frame   0x00000100       0x20 c:/winavr-20100110/bin/../lib/gcc/avr/4.3.3/avr5\libgcc.a(_le_sf.o)
 .debug_frame   0x00000120       0x20 c:/winavr-20100110/bin/../lib/gcc/avr/4.3.3/avr5\libgcc.a(_sf_to_si.o)
 .debug_frame   0x00000140       0x20 c:/winavr-20100110/bin/../lib/gcc/avr/4.3.3/avr5\libgcc.a(_pack_sf.o)
 .debug_frame   0x00000160       0x20 c:/winavr-20100110/bin/../lib/gcc/avr/4.3.3/avr5\libgcc.a(_unpack_sf.o)
 .debug_frame   0x00000180       0x20 c:/winavr-20100110/bin/../lib/gcc/avr/4.3.3/avr5\libgcc.a(_fpcmp_parts_sf.o)

.debug_str      0x00000000      0x2ca
 *(.debug_str)
 .debug_str     0x00000000       0xbf c:/winavr-20100110/bin/../lib/gcc/avr/4.3.3/avr5\libgcc.a(_fixunssfsi.o)
                                 0xfe (size before relaxing)
 .debug_str     0x000000bf      0x14d c:/winavr-20100110/bin/../lib/gcc/avr/4.3.3/avr5\libgcc.a(_addsub_sf.o)
                                0x206 (size before relaxing)
 .debug_str     0x0000020c       0x27 c:/winavr-20100110/bin/../lib/gcc/avr/4.3.3/avr5\libgcc.a(_mul_sf.o)
                                0x1bf (size before relaxing)
 .debug_str     0x00000233       0x35 c:/winavr-20100110/bin/../lib/gcc/avr/4.3.3/avr5\libgcc.a(_div_sf.o)
                                0x1c8 (size before relaxing)
 .debug_str     0x00000268        0xf c:/winavr-20100110/bin/../lib/gcc/avr/4.3.3/avr5\libgcc.a(_gt_sf.o)
                                0x195 (size before relaxing)
 .debug_str     0x00000277        0x8 c:/winavr-20100110/bin/../lib/gcc/avr/4.3.3/avr5\libgcc.a(_ge_sf.o)
                                0x195 (size before relaxing)
 .debug_str     0x0000027f        0x8 c:/winavr-20100110/bin/../lib/gcc/avr/4.3.3/avr5\libgcc.a(_lt_sf.o)
                                0x195 (size before relaxing)
 .debug_str     0x00000287        0x8 c:/winavr-20100110/bin/../lib/gcc/avr/4.3.3/avr5\libgcc.a(_le_sf.o)
                                0x195 (size before relaxing)
 .debug_str     0x0000028f        0xa c:/winavr-20100110/bin/../lib/gcc/avr/4.3.3/avr5\libgcc.a(_sf_to_si.o)
                                0x19e (size before relaxing)
 .debug_str     0x00000000      0x103 c:/winavr-20100110/bin/../lib/gcc/avr/4.3.3/avr5\libgcc.a(_thenan_sf.o)
 .debug_str     0x00000299       0x16 c:/winavr-20100110/bin/../lib/gcc/avr/4.3.3/avr5\libgcc.a(_pack_sf.o)
                                0x19d (size before relaxing)
 .debug_str     0x000002af        0xb c:/winavr-20100110/bin/../lib/gcc/avr/4.3.3/avr5\libgcc.a(_unpack_sf.o)
                                0x17f (size before relaxing)
 .debug_str     0x000002ba       0x10 c:/winavr-20100110/bin/../lib/gcc/avr/4.3.3/avr5\libgcc.a(_fpcmp_parts_sf.o)
                                0x163 (size before relaxing)

.debug_loc      0x00000000      0x8ca
 *(.debug_loc)
 .debug_loc     0x00000000       0x34 c:/winavr-20100110/bin/../lib/gcc/avr/4.3.3/avr5\libgcc.a(_fixunssfsi.o)
 .debug_loc     0x00000034      0x32a c:/winavr-20100110/bin/../lib/gcc/avr/4.3.3/avr5\libgcc.a(_addsub_sf.o)
 .debug_loc     0x0000035e      0x104 c:/winavr-20100110/bin/../lib/gcc/avr/4.3.3/avr5\libgcc.a(_mul_sf.o)
 .debug_loc     0x00000462       0xc0 c:/winavr-20100110/bin/../lib/gcc/avr/4.3.3/avr5\libgcc.a(_div_sf.o)
 .debug_loc     0x00000522       0x3c c:/winavr-20100110/bin/../lib/gcc/avr/4.3.3/avr5\libgcc.a(_gt_sf.o)
 .debug_loc     0x0000055e       0x3c c:/winavr-20100110/bin/../lib/gcc/avr/4.3.3/avr5\libgcc.a(_ge_sf.o)
 .debug_loc     0x0000059a       0x3c c:/winavr-20100110/bin/../lib/gcc/avr/4.3.3/avr5\libgcc.a(_lt_sf.o)
 .debug_loc     0x000005d6       0x3c c:/winavr-20100110/bin/../lib/gcc/avr/4.3.3/avr5\libgcc.a(_le_sf.o)
 .debug_loc     0x00000612       0x7e c:/winavr-20100110/bin/../lib/gcc/avr/4.3.3/avr5\libgcc.a(_sf_to_si.o)
 .debug_loc     0x00000690      0x13e c:/winavr-20100110/bin/../lib/gcc/avr/4.3.3/avr5\libgcc.a(_pack_sf.o)
 .debug_loc     0x000007ce       0xac c:/winavr-20100110/bin/../lib/gcc/avr/4.3.3/avr5\libgcc.a(_unpack_sf.o)
 .debug_loc     0x0000087a       0x50 c:/winavr-20100110/bin/../lib/gcc/avr/4.3.3/avr5\libgcc.a(_fpcmp_parts_sf.o)

.debug_macinfo
 *(.debug_macinfo)
OUTPUT(RC_Car.elf elf32-avr)
LOAD linker stubs

.debug_ranges   0x00000000       0x50
 .debug_ranges  0x00000000       0x50 c:/winavr-20100110/bin/../lib/gcc/avr/4.3.3/avr5\libgcc.a(_mul_sf.o)
